// Jest Snapshot v1, https://goo.gl/fbAQLP

exports[`supported-scss-syntax build should compile to CSS 1`] = `".simple-class{background:red}.simple-class:before{background:#000}.nested-selectors,.simple-class:hover{background:green}.nested-selectors:focus{background:#000}.nested-selectors--modifier{background:#ff0}.nested-selectors:after{background:purple}.with-mixin-1{background:#00f;color:#000}.with-mixin-2{background:#00f;color:#fff}.with-placeholder-1,.with-placeholder-2{background:green}.with-placeholder-1{color:#000}.with-placeholder-2{color:#fff}"`;

exports[`supported-scss-syntax build should not fail 1`] = `
Exit code: 0

--- Output ---
CommonJS build successful.
SASS build successful.
--------------
`;
