// Jest Snapshot v1, https://goo.gl/fbAQLP

exports[`complete-library-example build should generate all files 1`] = `
Array [
  "cjs/Button/Button.js",
  "cjs/Button/index.js",
  "cjs/index.js",
  "complete-library-example.css",
  "es/Button/Button.js",
  "es/Button/index.js",
  "es/index.js",
]
`;

exports[`complete-library-example build should not fail 1`] = `
Exit code: 0

--- Output ---
CommonJS build successful.
ES modules build successful.
SASS build successful.
--------------
`;
