// Jest Snapshot v1, https://goo.gl/fbAQLP

exports[`complete-library-example test should not fail 1`] = `
Exit code: 1

--- Output ---
[0m[7m[1m[31m FAIL [39m[22m[27m[0m [2msrc/Button/[22m[1mButton.test.js[22m
  [1m● [22mTest suite failed to run

    Cannot find module 'react' from 'pure.js'

    However, Jest was able to find:
    	'./pure.js'

    You might want to include a file extension in your import, or update your 'moduleFileExtensions', which is currently ['js', 'json', 'jsx'].

    See https://jestjs.io/docs/en/configuration#modulefileextensions-array-string

      [2mat Resolver.resolveModule ([22m../../../node_modules/jest-resolve/build/index.js[2m:259:17)[22m
      [2mat Object.<anonymous> ([22m../../../node_modules/@testing-library/react/dist/pure.js[2m:26:37)[22m

-----------|----------|----------|----------|----------|-------------------|
File       |  % Stmts | % Branch |  % Funcs |  % Lines | Uncovered Line #s |
-----------|----------|----------|----------|----------|-------------------|
All files  |        0 |      100 |        0 |        0 |                   |
 Button.js |        0 |      100 |        0 |        0 |         5,8,16,21 |
-----------|----------|----------|----------|----------|-------------------|
[1mTest Suites: [22m[1m[31m1 failed[39m[22m, 1 total
[1mTests:       [22m0 total
[1mSnapshots:   [22m0 total
[1mTime:[22m        1.589s
[2mRan all test suites[22m[2m.[22m
--------------
`;
